================================================================================
S2-OpenSpec Verification Log
================================================================================
Change ID:    feature-x
DRR ID:       drr-2024-001-feature-x
Timestamp:    2024-01-15T10:30:00Z
Status:       PASS
================================================================================

[STATE 4] Running verification...

--- Unit Tests ---------------------------------------------------------------
Command: npm test -- --coverage
Status:  PASS
Output:  25 tests passed (25 total)
Coverage:
  - Lines:      87.5% (target: >= 80%)
  - Branches:   78.2% (target: >= 70%)
  - Functions:  94.1% (target: >= 90%)
Evidence:  ./evidence/unit-tests.log
--------------------------------------------------------------------------------

--- Integration Tests ----------------------------------------------------------
Command: npm run test:integration
Status:  PASS
Output:  12 tests passed (12 total)
Evidence:  ./evidence/integration-tests.log
--------------------------------------------------------------------------------

--- Contract Tests -------------------------------------------------------------
Command: npm run test:contract
Status:  PASS
Output:  5 tests passed (5 total)
Evidence:  ./evidence/contract-tests.log
--------------------------------------------------------------------------------

--- Constraint Verification ----------------------------------------------------
Verifying constraints from DRR Constraints Bundle:

✓ C-F1: Concurrent user creation without race conditions
  Verification: Integration test with 100 concurrent requests
  Result: PASS - No race conditions detected
  Evidence: ./evidence/constraint-check.md#c-f1

✓ C-F2: Email format validation per RFC 5322
  Verification: Unit tests with valid/invalid patterns
  Result: PASS - All patterns correctly validated
  Evidence: ./evidence/constraint-check.md#c-f2

✓ C-F3: Password hashing with bcrypt cost factor 12
  Verification: Code review + unit test
  Result: PASS - bcrypt.hashSync(password, 12) confirmed
  Evidence: ./evidence/constraint-check.md#c-f3

✓ C-NF1: API response < 100ms at p95 under 1000 RPS
  Verification: k6 load test
  Result: PASS - p95: 87ms under 1000 RPS for 5 minutes
  Evidence: ./evidence/perf-results.json

✓ C-NF2: All inputs sanitized, parameterized queries
  Verification: ESLint security rules + sql-injection detection
  Result: PASS - No vulnerabilities found
  Evidence: ./evidence/security-scan.log
--------------------------------------------------------------------------------

--- Anti-Flake Compliance ------------------------------------------------------
✓ No setTimeout in tests without explicit reason
✓ No random data without seeded RNG
✓ No network calls without mocks
✓ No file system operations without temp directories
--------------------------------------------------------------------------------

--- Assumption Validation ------------------------------------------------------
✓ A1: Node.js >= 18 - Validated (CI runs on Node 18, 20, 21)
✓ A2: PostgreSQL on localhost:5432 - Validated (docker-compose healthcheck)
--------------------------------------------------------------------------------

================================================================================
VERIFICATION SUMMARY
================================================================================
Total Tests:    42
Passed:         42
Failed:         0
Skipped:        0
Status:         PASS
================================================================================

Generated verification_result.json at:
  openspec/changes/feature-x/verification_result.json

Archive gate: UNLOCKED (status = PASS)
================================================================================
